[2026-08-06 17:21:18] [INFO]  OptimizerUnit starting up on 127.0.0.1:23232 (/home/stolle/ws25-optimizer-cpp/cpp/code/examples/OptimizerUnit.cpp:55)
[2026-08-06 17:21:18] [DEBUG] Worker thread started (/home/stolle/ws25-optimizer-cpp/cpp/code/src/optimizer/QueryManager.cpp:50)
[2026-08-06 17:21:18] [INFO]  UpdateUnitInfo Callback invoked (/home/stolle/ws25-optimizer-cpp/cpp/code/examples/OptimizerUnit.cpp:93)
[2026-08-06 17:21:18] [INFO]  Processing initial CLI query (/home/stolle/ws25-optimizer-cpp/cpp/code/examples/OptimizerUnit.cpp:64)
[2026-08-06 17:21:18] [INFO]  Query added to queue. ID: 0 (/home/stolle/ws25-optimizer-cpp/cpp/code/src/optimizer/QueryManager.cpp:40)
[2026-08-06 17:21:18] [INFO]  Reading queries from file: all_queries.txt (/home/stolle/ws25-optimizer-cpp/cpp/code/examples/OptimizerUnit.cpp:68)
[2026-08-06 17:21:18] [INFO]  Worker processing Query ID: 0 (/home/stolle/ws25-optimizer-cpp/cpp/code/src/optimizer/QueryManager.cpp:71)
[2026-08-06 17:21:18] [INFO]  Query added to queue. ID: 1 (/home/stolle/ws25-optimizer-cpp/cpp/code/src/optimizer/QueryManager.cpp:40)
[2026-08-06 17:21:18] [INFO]  Query added to queue. ID: 2 (/home/stolle/ws25-optimizer-cpp/cpp/code/src/optimizer/QueryManager.cpp:40)
[2026-08-06 17:21:18] [INFO]  Query added to queue. ID: 3 (/home/stolle/ws25-optimizer-cpp/cpp/code/src/optimizer/QueryManager.cpp:40)
[2026-08-06 17:21:18] [INFO]  Query added to queue. ID: 4 (/home/stolle/ws25-optimizer-cpp/cpp/code/src/optimizer/QueryManager.cpp:40)
[2026-08-06 17:21:18] [INFO]  Query added to queue. ID: 5 (/home/stolle/ws25-optimizer-cpp/cpp/code/src/optimizer/QueryManager.cpp:40)
[2026-08-06 17:21:18] [INFO]  Query added to queue. ID: 6 (/home/stolle/ws25-optimizer-cpp/cpp/code/src/optimizer/QueryManager.cpp:40)
[2026-08-06 17:21:18] [INFO]  Query added to queue. ID: 7 (/home/stolle/ws25-optimizer-cpp/cpp/code/src/optimizer/QueryManager.cpp:40)
[2026-08-06 17:21:18] [INFO]  Query added to queue. ID: 8 (/home/stolle/ws25-optimizer-cpp/cpp/code/src/optimizer/QueryManager.cpp:40)
[2026-08-06 17:21:18] [INFO]  Query added to queue. ID: 9 (/home/stolle/ws25-optimizer-cpp/cpp/code/src/optimizer/QueryManager.cpp:40)
[2026-08-06 17:21:18] [INFO]  Query added to queue. ID: 10 (/home/stolle/ws25-optimizer-cpp/cpp/code/src/optimizer/QueryManager.cpp:40)
[2026-08-06 17:21:18] [INFO]  Query added to queue. ID: 11 (/home/stolle/ws25-optimizer-cpp/cpp/code/src/optimizer/QueryManager.cpp:40)
[2026-08-06 17:21:18] [INFO]  Query added to queue. ID: 12 (/home/stolle/ws25-optimizer-cpp/cpp/code/src/optimizer/QueryManager.cpp:40)
[2026-08-06 17:21:18] [INFO]  Query added to queue. ID: 13 (/home/stolle/ws25-optimizer-cpp/cpp/code/src/optimizer/QueryManager.cpp:40)
[2026-08-06 17:21:18] [INFO]  Physical optimizer completed in 0 ms (/home/stolle/ws25-optimizer-cpp/cpp/code/src/optimizer/QueryManager.cpp:145)
[2026-08-06 17:21:18] [INFO]  Executing Sequential Plan for Query ID: 0 (/home/stolle/ws25-optimizer-cpp/cpp/code/src/optimizer/QueryManager.cpp:151)
[2026-08-06 17:21:18] [INFO]  Worker processing Query ID: 1 (/home/stolle/ws25-optimizer-cpp/cpp/code/src/optimizer/QueryManager.cpp:71)
[2026-08-06 17:21:18] [INFO]  Physical optimizer completed in 0 ms (/home/stolle/ws25-optimizer-cpp/cpp/code/src/optimizer/QueryManager.cpp:145)
[2026-08-06 17:21:18] [INFO]  Executing Sequential Plan for Query ID: 1 (/home/stolle/ws25-optimizer-cpp/cpp/code/src/optimizer/QueryManager.cpp:151)
[2026-08-06 17:21:18] [INFO]  WorkItem finished. ID: 0 (/home/stolle/ws25-optimizer-cpp/cpp/code/examples/OptimizerUnit.cpp:119)
[2026-08-06 17:21:18] [INFO]  Worker processing Query ID: 2 (/home/stolle/ws25-optimizer-cpp/cpp/code/src/optimizer/QueryManager.cpp:71)
[2026-08-06 17:21:18] [INFO]  WorkItem finished. ID: 0 (/home/stolle/ws25-optimizer-cpp/cpp/code/examples/OptimizerUnit.cpp:119)
[2026-08-06 17:21:18] [INFO]  Physical optimizer completed in 0 ms (/home/stolle/ws25-optimizer-cpp/cpp/code/src/optimizer/QueryManager.cpp:145)
[2026-08-06 17:21:18] [INFO]  Executing Sequential Plan for Query ID: 2 (/home/stolle/ws25-optimizer-cpp/cpp/code/src/optimizer/QueryManager.cpp:151)
[2026-08-06 17:21:18] [INFO]  Worker processing Query ID: 3 (/home/stolle/ws25-optimizer-cpp/cpp/code/src/optimizer/QueryManager.cpp:71)
[2026-08-06 17:21:18] [INFO]  WorkItem finished. ID: 0 (/home/stolle/ws25-optimizer-cpp/cpp/code/examples/OptimizerUnit.cpp:119)
[2026-08-06 17:21:18] [INFO]  Physical optimizer completed in 0 ms (/home/stolle/ws25-optimizer-cpp/cpp/code/src/optimizer/QueryManager.cpp:145)
[2026-08-06 17:21:18] [INFO]  Executing Sequential Plan for Query ID: 3 (/home/stolle/ws25-optimizer-cpp/cpp/code/src/optimizer/QueryManager.cpp:151)
[2026-08-06 17:21:18] [INFO]  Worker processing Query ID: 4 (/home/stolle/ws25-optimizer-cpp/cpp/code/src/optimizer/QueryManager.cpp:71)
[2026-08-06 17:21:18] [INFO]  WorkItem finished. ID: 0 (/home/stolle/ws25-optimizer-cpp/cpp/code/examples/OptimizerUnit.cpp:119)
[2026-08-06 17:21:18] [INFO]  Physical optimizer completed in 0 ms (/home/stolle/ws25-optimizer-cpp/cpp/code/src/optimizer/QueryManager.cpp:145)
[2026-08-06 17:21:18] [INFO]  Executing Sequential Plan for Query ID: 4 (/home/stolle/ws25-optimizer-cpp/cpp/code/src/optimizer/QueryManager.cpp:151)
[2026-08-06 17:21:18] [INFO]  Worker processing Query ID: 5 (/home/stolle/ws25-optimizer-cpp/cpp/code/src/optimizer/QueryManager.cpp:71)
[2026-08-06 17:21:18] [INFO]  WorkItem finished. ID: 0 (/home/stolle/ws25-optimizer-cpp/cpp/code/examples/OptimizerUnit.cpp:119)
[2026-08-06 17:21:18] [INFO]  Physical optimizer completed in 0 ms (/home/stolle/ws25-optimizer-cpp/cpp/code/src/optimizer/QueryManager.cpp:145)
[2026-08-06 17:21:18] [INFO]  Executing Sequential Plan for Query ID: 5 (/home/stolle/ws25-optimizer-cpp/cpp/code/src/optimizer/QueryManager.cpp:151)
[2026-08-06 17:21:18] [INFO]  Worker processing Query ID: 6 (/home/stolle/ws25-optimizer-cpp/cpp/code/src/optimizer/QueryManager.cpp:71)
[2026-08-06 17:21:18] [INFO]  WorkItem finished. ID: 0 (/home/stolle/ws25-optimizer-cpp/cpp/code/examples/OptimizerUnit.cpp:119)
[2026-08-06 17:21:18] [INFO]  Physical optimizer completed in 0 ms (/home/stolle/ws25-optimizer-cpp/cpp/code/src/optimizer/QueryManager.cpp:145)
[2026-08-06 17:21:18] [INFO]  Executing Sequential Plan for Query ID: 6 (/home/stolle/ws25-optimizer-cpp/cpp/code/src/optimizer/QueryManager.cpp:151)
[2026-08-06 17:21:18] [INFO]  Worker processing Query ID: 7 (/home/stolle/ws25-optimizer-cpp/cpp/code/src/optimizer/QueryManager.cpp:71)
[2026-08-06 17:21:18] [INFO]  WorkItem finished. ID: 0 (/home/stolle/ws25-optimizer-cpp/cpp/code/examples/OptimizerUnit.cpp:119)
[2026-08-06 17:21:18] [INFO]  Physical optimizer completed in 1 ms (/home/stolle/ws25-optimizer-cpp/cpp/code/src/optimizer/QueryManager.cpp:145)
[2026-08-06 17:21:18] [INFO]  Executing Sequential Plan for Query ID: 7 (/home/stolle/ws25-optimizer-cpp/cpp/code/src/optimizer/QueryManager.cpp:151)
[2026-08-06 17:21:18] [INFO]  Worker processing Query ID: 8 (/home/stolle/ws25-optimizer-cpp/cpp/code/src/optimizer/QueryManager.cpp:71)
[2026-08-06 17:21:18] [INFO]  WorkItem finished. ID: 0 (/home/stolle/ws25-optimizer-cpp/cpp/code/examples/OptimizerUnit.cpp:119)
[2026-08-06 17:21:18] [INFO]  Physical optimizer completed in 0 ms (/home/stolle/ws25-optimizer-cpp/cpp/code/src/optimizer/QueryManager.cpp:145)
[2026-08-06 17:21:18] [INFO]  Executing Sequential Plan for Query ID: 8 (/home/stolle/ws25-optimizer-cpp/cpp/code/src/optimizer/QueryManager.cpp:151)
[2026-08-06 17:21:18] [INFO]  Worker processing Query ID: 9 (/home/stolle/ws25-optimizer-cpp/cpp/code/src/optimizer/QueryManager.cpp:71)
[2026-08-06 17:21:18] [INFO]  WorkItem finished. ID: 0 (/home/stolle/ws25-optimizer-cpp/cpp/code/examples/OptimizerUnit.cpp:119)
[2026-08-06 17:21:18] [INFO]  Physical optimizer completed in 0 ms (/home/stolle/ws25-optimizer-cpp/cpp/code/src/optimizer/QueryManager.cpp:145)
[2026-08-06 17:21:18] [INFO]  Executing Sequential Plan for Query ID: 9 (/home/stolle/ws25-optimizer-cpp/cpp/code/src/optimizer/QueryManager.cpp:151)
[2026-08-06 17:21:18] [INFO]  Worker processing Query ID: 10 (/home/stolle/ws25-optimizer-cpp/cpp/code/src/optimizer/QueryManager.cpp:71)
[2026-08-06 17:21:18] [INFO]  WorkItem finished. ID: 0 (/home/stolle/ws25-optimizer-cpp/cpp/code/examples/OptimizerUnit.cpp:119)
[2026-08-06 17:21:18] [INFO]  Physical optimizer completed in 1 ms (/home/stolle/ws25-optimizer-cpp/cpp/code/src/optimizer/QueryManager.cpp:145)
[2026-08-06 17:21:18] [INFO]  Executing Sequential Plan for Query ID: 10 (/home/stolle/ws25-optimizer-cpp/cpp/code/src/optimizer/QueryManager.cpp:151)
[2026-08-06 17:21:18] [INFO]  Worker processing Query ID: 11 (/home/stolle/ws25-optimizer-cpp/cpp/code/src/optimizer/QueryManager.cpp:71)
[2026-08-06 17:21:18] [INFO]  WorkItem finished. ID: 0 (/home/stolle/ws25-optimizer-cpp/cpp/code/examples/OptimizerUnit.cpp:119)
[2026-08-06 17:21:18] [INFO]  Physical optimizer completed in 0 ms (/home/stolle/ws25-optimizer-cpp/cpp/code/src/optimizer/QueryManager.cpp:145)
[2026-08-06 17:21:18] [INFO]  Executing Sequential Plan for Query ID: 11 (/home/stolle/ws25-optimizer-cpp/cpp/code/src/optimizer/QueryManager.cpp:151)
[2026-08-06 17:21:18] [INFO]  Worker processing Query ID: 12 (/home/stolle/ws25-optimizer-cpp/cpp/code/src/optimizer/QueryManager.cpp:71)
[2026-08-06 17:21:18] [INFO]  WorkItem finished. ID: 0 (/home/stolle/ws25-optimizer-cpp/cpp/code/examples/OptimizerUnit.cpp:119)
[2026-08-06 17:21:18] [INFO]  Physical optimizer completed in 0 ms (/home/stolle/ws25-optimizer-cpp/cpp/code/src/optimizer/QueryManager.cpp:145)
[2026-08-06 17:21:18] [INFO]  Executing Sequential Plan for Query ID: 12 (/home/stolle/ws25-optimizer-cpp/cpp/code/src/optimizer/QueryManager.cpp:151)
[2026-08-06 17:21:18] [INFO]  Worker processing Query ID: 13 (/home/stolle/ws25-optimizer-cpp/cpp/code/src/optimizer/QueryManager.cpp:71)
[2026-08-06 17:21:18] [INFO]  WorkItem finished. ID: 0 (/home/stolle/ws25-optimizer-cpp/cpp/code/examples/OptimizerUnit.cpp:119)
[2026-08-06 17:21:18] [INFO]  Physical optimizer completed in 1 ms (/home/stolle/ws25-optimizer-cpp/cpp/code/src/optimizer/QueryManager.cpp:145)
[2026-08-06 17:21:18] [INFO]  Executing Sequential Plan for Query ID: 13 (/home/stolle/ws25-optimizer-cpp/cpp/code/src/optimizer/QueryManager.cpp:151)
[2026-08-06 17:21:18] [INFO]  WorkItem finished. ID: 0 (/home/stolle/ws25-optimizer-cpp/cpp/code/examples/OptimizerUnit.cpp:119)
[2026-08-06 17:22:00] [INFO]  OptimizerUnit starting up on 127.0.0.1:23232 (/home/stolle/ws25-optimizer-cpp/cpp/code/examples/OptimizerUnit.cpp:55)
[2026-08-06 17:22:00] [DEBUG] Worker thread started (/home/stolle/ws25-optimizer-cpp/cpp/code/src/optimizer/QueryManager.cpp:50)
[2026-08-06 17:22:00] [INFO]  UpdateUnitInfo Callback invoked (/home/stolle/ws25-optimizer-cpp/cpp/code/examples/OptimizerUnit.cpp:93)
[2026-08-06 17:22:00] [INFO]  Processing initial CLI query (/home/stolle/ws25-optimizer-cpp/cpp/code/examples/OptimizerUnit.cpp:64)
[2026-08-06 17:22:00] [INFO]  Query added to queue. ID: 0 (/home/stolle/ws25-optimizer-cpp/cpp/code/src/optimizer/QueryManager.cpp:40)
[2026-08-06 17:22:00] [INFO]  Worker processing Query ID: 0 (/home/stolle/ws25-optimizer-cpp/cpp/code/src/optimizer/QueryManager.cpp:71)
[2026-08-06 17:22:00] [INFO]  Physical optimizer completed in 20 ms (/home/stolle/ws25-optimizer-cpp/cpp/code/src/optimizer/QueryManager.cpp:145)
[2026-08-06 17:22:00] [INFO]  Executing Sequential Plan for Query ID: 0 (/home/stolle/ws25-optimizer-cpp/cpp/code/src/optimizer/QueryManager.cpp:151)
[2026-08-06 17:22:00] [INFO]  WorkItem finished. ID: 0 (/home/stolle/ws25-optimizer-cpp/cpp/code/examples/OptimizerUnit.cpp:119)
